SpringR1#show ip interface brief
Interface                  IP-Address      OK? Method Status                Protocol
GigabitEthernet0/0         10.150.127.5    YES manual up                    up      
GigabitEthernet0/1         10.150.127.9    YES manual up                    up      
GigabitEthernet0/2         10.150.127.1    YES manual up                    up      
GigabitEthernet0/3         unassigned      YES DHCP   up                    up      
NVI0                       unassigned      YES unset  up                    up      
SpringR1#show ip ospf interface br
Interface    PID   Area            IP Address/Mask    Cost  State Nbrs F/C
Gi0/1        15    0               10.150.127.9/30    1     P2P   1/1
Gi0/2        15    0               10.150.127.1/30    1     DR    1/1
Gi0/0        15    0               10.150.127.5/30    1     P2P   0/0
SpringR1#show ip ospf neighbor detail
 Neighbor 10.150.127.22, interface address 10.150.127.10
    In the area 0 via interface GigabitEthernet0/1
    Neighbor priority is 0, State is FULL, 6 state changes
    DR is 0.0.0.0 BDR is 0.0.0.0
    Options is 0x12 in Hello (E-bit, L-bit)
    Options is 0x52 in DBD (E-bit, L-bit, O-bit)
    LLS Options is 0x1 (LR)
    Dead timer due in 00:00:33
    Neighbor is up for 00:06:20
    Index 1/1/1, retransmission queue length 0, number of retransmission 0
    First 0x0(0)/0x0(0)/0x0(0) Next 0x0(0)/0x0(0)/0x0(0)
    Last retransmission scan length is 0, maximum is 0
    Last retransmission scan time is 0 msec, maximum is 0 msec
 Neighbor 2.2.2.2, interface address 10.150.127.2
    In the area 0 via interface GigabitEthernet0/2
    Neighbor priority is 1, State is FULL, 24 state changes
    DR is 0.0.0.0 BDR is 0.0.0.0
    Options is 0x12 in Hello (E-bit, L-bit)
    Options is 0x52 in DBD (E-bit, L-bit, O-bit)
    LLS Options is 0x1 (LR)
    Dead timer due in 00:00:36
    Neighbor is up for 01:05:58
    Index 1/2/2, retransmission queue length 0, number of retransmission 1
    First 0x0(0)/0x0(0)/0x0(0) Next 0x0(0)/0x0(0)/0x0(0)
    Last retransmission scan length is 2, maximum is 2
    Last retransmission scan time is 0 msec, maximum is 0 msec
SpringR1#show ip route ospf
Codes: L - local, C - connected, S - static, R - RIP, M - mobile, B - BGP
       D - EIGRP, EX - EIGRP external, O - OSPF, IA - OSPF inter area 
       N1 - OSPF NSSA external type 1, N2 - OSPF NSSA external type 2
       E1 - OSPF external type 1, E2 - OSPF external type 2
       i - IS-IS, su - IS-IS summary, L1 - IS-IS level-1, L2 - IS-IS level-2
       ia - IS-IS inter area, * - candidate default, U - per-user static route
       o - ODR, P - periodic downloaded static route, H - NHRP, l - LISP
       a - application route
       + - replicated route, % - next hop override, p - overrides from PfR

Gateway of last resort is 192.168.255.1 to network 0.0.0.0

      10.0.0.0/8 is variably subnetted, 10 subnets, 3 masks
O        10.150.0.0/24 [110/2] via 10.150.127.10, 00:05:42, GigabitEthernet0/1
O        10.150.127.12/30 
           [110/3] via 10.150.127.10, 00:06:16, GigabitEthernet0/1
O        10.150.127.16/30 
           [110/2] via 10.150.127.10, 00:06:26, GigabitEthernet0/1
O        10.150.127.20/30 
           [110/2] via 10.150.127.10, 00:06:26, GigabitEthernet0/1
O     192.168.255.0/24 [110/3] via 10.150.127.10, 00:06:16, GigabitEthernet0/1
SpringR1#show ip protocols
*** IP Routing is NSF aware ***

Routing Protocol is "application"
  Sending updates every 0 seconds
  Invalid after 0 seconds, hold down 0, flushed after 0
  Outgoing update filter list for all interfaces is not set
  Incoming update filter list for all interfaces is not set
  Maximum path: 32
  Routing for Networks:
  Routing Information Sources:
    Gateway         Distance      Last Update
  Distance: (default is 4)

Routing Protocol is "ospf 15"
  Outgoing update filter list for all interfaces is not set
  Incoming update filter list for all interfaces is not set
  Router ID 1.1.1.1
  It is an autonomous system boundary router
 Redistributing External Routes from,
  Number of areas in this router is 1. 1 normal 0 stub 0 nssa
  Maximum path: 4
  Routing for Networks:
    10.150.127.0 0.0.0.255 area 0
    192.168.255.0 0.0.0.255 area 0
  Routing on Interfaces Configured Explicitly (Area 0):
    GigabitEthernet0/1
    GigabitEthernet0/2
    GigabitEthernet0/0
  Passive Interface(s):
    GigabitEthernet0/3
  Routing Information Sources:
    Gateway         Distance      Last Update
    4.4.4.4              110      00:59:14
    2.2.2.2              110      00:06:25
    10.150.127.22        110      00:05:52
  Distance: (default is 110)


SpringR2#show ip interface brief
Interface                  IP-Address      OK? Method Status                Protocol
GigabitEthernet0/0         10.150.127.17   YES manual up                    up      
GigabitEthernet0/1         10.150.127.13   YES manual up                    up      
GigabitEthernet0/2         10.150.127.2    YES manual up                    up      
GigabitEthernet0/3         192.168.255.27  YES DHCP   up                    up      
NVI0                       unassigned      YES unset  up                    up      
SpringR2#show ip ospf interface
GigabitEthernet0/3 is up, line protocol is up 
  Internet Address 192.168.255.27/24, Area 0, Attached via Interface Enable
  Process ID 15, Router ID 2.2.2.2, Network Type BROADCAST, Cost: 1
  Topology-MTID    Cost    Disabled    Shutdown      Topology Name
        0           1         no          no            Base
  Enabled by interface config, including secondary ip addresses
  Transmit Delay is 1 sec, State DR, Priority 1
  Designated Router (ID) 2.2.2.2, Interface address 192.168.255.27
  No backup designated router on this network
  Timer intervals configured, Hello 10, Dead 40, Wait 40, Retransmit 5
    oob-resync timeout 40
    No Hellos (Passive interface) 
  Supports Link-local Signaling (LLS)
  Cisco NSF helper support enabled
  IETF NSF helper support enabled
  Index 1/4/4, flood queue length 0
  Next 0x0(0)/0x0(0)/0x0(0)
  Last flood scan length is 0, maximum is 0
  Last flood scan time is 0 msec, maximum is 0 msec
  Neighbor Count is 0, Adjacent neighbor count is 0 
  Suppress hello for 0 neighbor(s)
GigabitEthernet0/0 is up, line protocol is up 
  Internet Address 10.150.127.17/30, Area 0, Attached via Interface Enable
          
SpringR2#how ip ospf neighbor detail
          ^
% Invalid input detected at '^' marker.

SpringR2#show ip route ospf
Codes: L - local, C - connected, S - static, R - RIP, M - mobile, B - BGP
       D - EIGRP, EX - EIGRP external, O - OSPF, IA - OSPF inter area 
       N1 - OSPF NSSA external type 1, N2 - OSPF NSSA external type 2
       E1 - OSPF external type 1, E2 - OSPF external type 2
       i - IS-IS, su - IS-IS summary, L1 - IS-IS level-1, L2 - IS-IS level-2
       ia - IS-IS inter area, * - candidate default, U - per-user static route
       o - ODR, P - periodic downloaded static route, H - NHRP, l - LISP
       a - application route
       + - replicated route, % - next hop override, p - overrides from PfR

Gateway of last resort is 192.168.255.1 to network 0.0.0.0

      10.0.0.0/8 is variably subnetted, 10 subnets, 3 masks
O        10.150.0.0/24 [110/2] via 10.150.127.18, 00:07:01, GigabitEthernet0/0
                       [110/2] via 10.150.127.14, 00:06:33, GigabitEthernet0/1
O        10.150.127.4/30 
           [110/2] via 10.150.127.14, 00:07:14, GigabitEthernet0/1
O        10.150.127.8/30 
           [110/2] via 10.150.127.18, 00:07:34, GigabitEthernet0/0
O        10.150.127.20/30 
           [110/2] via 10.150.127.18, 00:07:34, GigabitEthernet0/0
           [110/2] via 10.150.127.14, 00:07:14, GigabitEthernet0/1
SpringR2#show ip protocols
*** IP Routing is NSF aware ***

Routing Protocol is "application"
  Sending updates every 0 seconds
  Invalid after 0 seconds, hold down 0, flushed after 0
  Outgoing update filter list for all interfaces is not set
  Incoming update filter list for all interfaces is not set
  Maximum path: 32
  Routing for Networks:
  Routing Information Sources:
    Gateway         Distance      Last Update
  Distance: (default is 4)

Routing Protocol is "ospf 15"
  Outgoing update filter list for all interfaces is not set
  Incoming update filter list for all interfaces is not set
  Router ID 2.2.2.2
  Number of areas in this router is 1. 1 normal 0 stub 0 nssa
  Maximum path: 4
  Routing for Networks:
    10.150.0.0 0.0.0.255 area 0
    10.150.127.0 0.0.0.255 area 0
    192.168.255.0 0.0.0.255 area 0
  Routing on Interfaces Configured Explicitly (Area 0):
    GigabitEthernet0/3
    GigabitEthernet0/0
    GigabitEthernet0/1
    GigabitEthernet0/2
  Passive Interface(s):
    GigabitEthernet0/3
  Routing Information Sources:
    Gateway         Distance      Last Update
    1.1.1.1              110      00:06:41
    4.4.4.4              110      00:43:13
    10.150.127.22        110      00:07:08
    10.150.127.21        110      00:06:41
  Distance: (default is 110)

SpringR2#show ip ospf neighbor detail
 Neighbor 10.150.127.22, interface address 10.150.127.18
    In the area 0 via interface GigabitEthernet0/0
    Neighbor priority is 0, State is FULL, 6 state changes
    DR is 0.0.0.0 BDR is 0.0.0.0
    Options is 0x12 in Hello (E-bit, L-bit)
    Options is 0x52 in DBD (E-bit, L-bit, O-bit)
    LLS Options is 0x1 (LR)
    Dead timer due in 00:00:32
    Neighbor is up for 00:08:27
    Index 1/2/2, retransmission queue length 0, number of retransmission 0
    First 0x0(0)/0x0(0)/0x0(0) Next 0x0(0)/0x0(0)/0x0(0)
    Last retransmission scan length is 0, maximum is 0
    Last retransmission scan time is 0 msec, maximum is 0 msec
 Neighbor 10.150.127.21, interface address 10.150.127.14
    In the area 0 via interface GigabitEthernet0/1
    Neighbor priority is 0, State is FULL, 6 state changes
    DR is 0.0.0.0 BDR is 0.0.0.0
    Options is 0x12 in Hello (E-bit, L-bit)
    Options is 0x52 in DBD (E-bit, L-bit, O-bit)
    LLS Options is 0x1 (LR)
    Dead timer due in 00:00:31
    Neighbor is up for 00:08:01
    Index 1/3/3, retransmission queue length 0, number of retransmission 0
    First 0x0(0)/0x0(0)/0x0(0) Next 0x0(0)/0x0(0)/0x0(0)
    Last retransmission scan length is 0, maximum is 0
    Last retransmission scan time is 0 msec, maximum is 0 msec
 Neighbor 1.1.1.1, interface address 10.150.127.1
    In the area 0 via interface GigabitEthernet0/2
    Neighbor priority is 0, State is FULL, 6 state changes
    DR is 0.0.0.0 BDR is 0.0.0.0
    Options is 0x12 in Hello (E-bit, L-bit)
    Options is 0x52 in DBD (E-bit, L-bit, O-bit)
    LLS Options is 0x1 (LR)
    Dead timer due in 00:00:32
    Neighbor is up for 01:08:08
    Index 1/1/1, retransmission queue length 0, number of retransmission 0
    First 0x0(0)/0x0(0)/0x0(0) Next 0x0(0)/0x0(0)/0x0(0)
    Last retransmission scan length is 0, maximum is 0
    Last retransmission scan time is 0 msec, maximum is 0 msec
SpringR2#









SpringCore1#show ip ospf neighbor

Neighbor ID     Pri   State           Dead Time   Address         Interface
2.2.2.2           0   FULL/  -        00:00:36    10.150.127.13   GigabitEthernet1/2
SpringCore1#
*Aug  1 01:48:12.459: %PNP-6-PNP_DISCOVERY_STOPPED: PnP Discovery stopped (Config Wizard)
SpringCore1#show ip interface brief
Interface              IP-Address      OK? Method Status                Protocol
GigabitEthernet0/0     unassigned      YES unset  up                    up      
GigabitEthernet0/1     unassigned      YES unset  up                    up      
GigabitEthernet0/2     unassigned      YES unset  up                    up      
GigabitEthernet0/3     unassigned      YES unset  up                    up      
GigabitEthernet1/0     unassigned      YES unset  up                    up      
GigabitEthernet1/1     10.150.127.21   YES manual up                    up      
GigabitEthernet1/2     10.150.127.14   YES manual up                    up      
GigabitEthernet1/3     10.150.127.6    YES manual up                    up      
Port-channel1          unassigned      YES unset  up                    up      
Vlan105                10.150.8.2      YES manual up                    up      
Vlan115                10.150.12.2     YES manual up                    up      
Vlan125                10.150.16.2     YES manual up                    up      
Vlan135                10.150.20.2     YES manual up                    up      
Vlan145                10.150.24.2     YES manual up                    up      
Vlan155                10.150.28.2     YES manual up                    up      
Vlan200                10.150.44.2     YES manual up                    up      
Vlan205                10.150.48.2     YES manual up                    up      
Vlan210                10.150.52.2     YES manual up                    up      
Vlan215                10.150.56.2     YES manual up                    up      
Vlan220                10.150.60.2     YES manual up                    up      
Vlan305                10.150.80.2     YES manual up                    up      
          
SpringCore1#how ip ospf interface
             ^
% Invalid input detected at '^' marker.

SpringCore1#show ip ospf neighbor detail
 Neighbor 2.2.2.2, interface address 10.150.127.13
    In the area 0 via interface GigabitEthernet1/2
    Neighbor priority is 0, State is FULL, 6 state changes
    DR is 0.0.0.0 BDR is 0.0.0.0
    Options is 0x12 in Hello (E-bit, L-bit)
    Options is 0x52 in DBD (E-bit, L-bit, O-bit)
    LLS Options is 0x1 (LR)
    Dead timer due in 00:00:35
    Neighbor is up for 00:08:42
    Index 1/1/1, retransmission queue length 0, number of retransmission 0
    First 0x0(0)/0x0(0)/0x0(0) Next 0x0(0)/0x0(0)/0x0(0)
    Last retransmission scan length is 0, maximum is 0
    Last retransmission scan time is 0 msec, maximum is 0 msec
SpringCore1#show ip route ospf
Codes: L - local, C - connected, S - static, R - RIP, M - mobile, B - BGP
       D - EIGRP, EX - EIGRP external, O - OSPF, IA - OSPF inter area 
       N1 - OSPF NSSA external type 1, N2 - OSPF NSSA external type 2
       E1 - OSPF external type 1, E2 - OSPF external type 2
       i - IS-IS, su - IS-IS summary, L1 - IS-IS level-1, L2 - IS-IS level-2
       ia - IS-IS inter area, * - candidate default, U - per-user static route
       o - ODR, P - periodic downloaded static route, H - NHRP, l - LISP
       a - application route
       + - replicated route, % - next hop override, p - overrides from PfR

Gateway of last resort is 10.150.127.1 to network 0.0.0.0

      10.0.0.0/8 is variably subnetted, 47 subnets, 3 masks
O        10.150.127.0/30 
           [110/2] via 10.150.127.13, 00:08:33, GigabitEthernet1/2
O        10.150.127.8/30 
           [110/3] via 10.150.127.13, 00:08:33, GigabitEthernet1/2
O        10.150.127.16/30 
           [110/2] via 10.150.127.13, 00:08:33, GigabitEthernet1/2
O     192.168.255.0/24 [110/2] via 10.150.127.13, 00:08:33, GigabitEthernet1/2
SpringCore1#show ip protocols
*** IP Routing is NSF aware ***

Routing Protocol is "application"
  Sending updates every 0 seconds
  Invalid after 0 seconds, hold down 0, flushed after 0
  Outgoing update filter list for all interfaces is not set
  Incoming update filter list for all interfaces is not set
  Maximum path: 32
  Routing for Networks:
  Routing Information Sources:
    Gateway         Distance      Last Update
  Distance: (default is 4)

Routing Protocol is "ospf 15"
  Outgoing update filter list for all interfaces is not set
  Incoming update filter list for all interfaces is not set
  Router ID 10.150.127.21
  Number of areas in this router is 1. 1 normal 0 stub 0 nssa
  Maximum path: 4
  Routing for Networks:
    10.150.0.0 0.0.0.255 area 0
    10.150.127.0 0.0.0.255 area 0
  Routing on Interfaces Configured Explicitly (Area 0):
    GigabitEthernet1/3
    GigabitEthernet1/2
    GigabitEthernet1/1
  Routing Information Sources:
    Gateway         Distance      Last Update
    1.1.1.1              110      00:08:02
    2.2.2.2              110      00:08:40
    10.150.127.22        110      00:08:30
  Distance: (default is 110)

SpringCore1#show ip ospf interface
Vlan990 is up, line protocol is up 
  Internet Address 10.150.0.42/24, Area 0, Attached via Network Statement
  Process ID 15, Router ID 10.150.127.21, Network Type POINT_TO_POINT, Cost: 1
  Topology-MTID    Cost    Disabled    Shutdown      Topology Name
        0           1         no          no            Base
  Transmit Delay is 1 sec, State POINT_TO_POINT
  Timer intervals configured, Hello 10, Dead 40, Wait 40, Retransmit 5
    oob-resync timeout 40
    Hello due in 00:00:01
  Supports Link-local Signaling (LLS)
  Cisco NSF helper support enabled
  IETF NSF helper support enabled
  Index 1/4/4, flood queue length 0
  Next 0x0(0)/0x0(0)/0x0(0)
  Last flood scan length is 0, maximum is 0
  Last flood scan time is 0 msec, maximum is 0 msec
  Neighbor Count is 0, Adjacent neighbor count is 0 
  Suppress hello for 0 neighbor(s)
GigabitEthernet1/3 is up, line protocol is up (connected) 
  Internet Address 10.150.127.6/30, Area 0, Attached via Interface Enable
  Process ID 15, Router ID 10.150.127.21, Network Type POINT_TO_POINT, Cost: 1
  Topology-MTID    Cost    Disabled    Shutdown      Topology Name
        0           1         no          no            Base
  Enabled by interface config, including secondary ip addresses
  Transmit Delay is 1 sec, State POINT_TO_POINT
  Timer intervals configured, Hello 10, Dead 40, Wait 40, Retransmit 5
    oob-resync timeout 40
    Hello due in 00:00:00
  Supports Link-local Signaling (LLS)
  Cisco NSF helper support enabled
  IETF NSF helper support enabled
  Index 1/3/3, flood queue length 0
  Next 0x0(0)/0x0(0)/0x0(0)
  Last flood scan length is 0, maximum is 0
  Last flood scan time is 0 msec, maximum is 0 msec
  Neighbor Count is 0, Adjacent neighbor count is 0 
  Suppress hello for 0 neighbor(s)
GigabitEthernet1/2 is up, line protocol is up (connected) 
  Internet Address 10.150.127.14/30, Area 0, Attached via Interface Enable
  Process ID 15, Router ID 10.150.127.21, Network Type POINT_TO_POINT, Cost: 1
  Topology-MTID    Cost    Disabled    Shutdown      Topology Name
        0           1         no          no            Base
  Enabled by interface config, including secondary ip addresses
  Transmit Delay is 1 sec, State POINT_TO_POINT
  Timer intervals configured, Hello 10, Dead 40, Wait 40, Retransmit 5
    oob-resync timeout 40
    Hello due in 00:00:04
  Supports Link-local Signaling (LLS)
  Cisco NSF helper support enabled
  IETF NSF helper support enabled
  Index 1/2/2, flood queue length 0
  Next 0x0(0)/0x0(0)/0x0(0)
  Last flood scan length is 1, maximum is 1
  Last flood scan time is 0 msec, maximum is 1 msec
  Neighbor Count is 1, Adjacent neighbor count is 1 
    Adjacent with neighbor 2.2.2.2
  Suppress hello for 0 neighbor(s)
GigabitEthernet1/1 is up, line protocol is up (connected) 
  Internet Address 10.150.127.21/30, Area 0, Attached via Interface Enable
  Process ID 15, Router ID 10.150.127.21, Network Type POINT_TO_POINT, Cost: 1
  Topology-MTID    Cost    Disabled    Shutdown      Topology Name
        0           1         no          no            Base
  Enabled by interface config, including secondary ip addresses
  Transmit Delay is 1 sec, State POINT_TO_POINT
  Timer intervals configured, Hello 10, Dead 40, Wait 40, Retransmit 5
    oob-resync timeout 40
    Hello due in 00:00:07
  Supports Link-local Signaling (LLS)
  Cisco NSF helper support enabled
  IETF NSF helper support enabled
  Index 1/1/1, flood queue length 0
  Next 0x0(0)/0x0(0)/0x0(0)
  Last flood scan length is 0, maximum is 0
  Last flood scan time is 0 msec, maximum is 0 msec
  Neighbor Count is 0, Adjacent neighbor count is 0 
  Suppress hello for 0 neighbor(s)
SpringCore1#   



SpringCore2#show ip interface brief
Interface              IP-Address      OK? Method Status                Protocol
GigabitEthernet0/0     unassigned      YES unset  up                    up      
GigabitEthernet0/1     unassigned      YES unset  up                    up      
GigabitEthernet0/2     unassigned      YES unset  up                    up      
GigabitEthernet0/3     unassigned      YES unset  up                    up      
GigabitEthernet1/0     unassigned      YES unset  up                    up      
GigabitEthernet1/1     10.150.127.22   YES manual up                    up      
GigabitEthernet1/2     10.150.127.10   YES manual up                    up      
GigabitEthernet1/3     10.150.127.18   YES manual up                    up      
Port-channel2          unassigned      YES unset  down                  down    
Vlan105                10.150.8.3      YES manual up                    up      
Vlan115                10.150.12.3     YES manual up                    up      
Vlan125                10.150.16.3     YES manual up                    up      
Vlan135                10.150.20.3     YES manual up                    up      
Vlan145                10.150.24.3     YES manual up                    up      
Vlan155                10.150.28.3     YES manual up                    up      
Vlan200                10.150.44.3     YES manual up                    up      
Vlan205                10.150.48.3     YES manual up                    up      
Vlan210                10.150.52.3     YES manual up                    up      
Vlan215                10.150.56.3     YES manual up                    up      
Vlan220                10.150.60.3     YES manual up                    up      
Vlan305                10.150.80.3     YES manual up                    up      
          
SpringCore2#how ip ospf interface
             ^
% Invalid input detected at '^' marker.

SpringCore2#show ip ospf neighbor detail
 Neighbor 2.2.2.2, interface address 10.150.127.17
    In the area 0 via interface GigabitEthernet1/3
    Neighbor priority is 0, State is FULL, 6 state changes
    DR is 0.0.0.0 BDR is 0.0.0.0
    Options is 0x12 in Hello (E-bit, L-bit)
    Options is 0x52 in DBD (E-bit, L-bit, O-bit)
    LLS Options is 0x1 (LR)
    Dead timer due in 00:00:36
    Neighbor is up for 00:10:39
    Index 1/2/2, retransmission queue length 0, number of retransmission 0
    First 0x0(0)/0x0(0)/0x0(0) Next 0x0(0)/0x0(0)/0x0(0)
    Last retransmission scan length is 0, maximum is 0
    Last retransmission scan time is 0 msec, maximum is 0 msec
 Neighbor 1.1.1.1, interface address 10.150.127.9
    In the area 0 via interface GigabitEthernet1/2
    Neighbor priority is 0, State is FULL, 6 state changes
    DR is 0.0.0.0 BDR is 0.0.0.0
    Options is 0x12 in Hello (E-bit, L-bit)
    Options is 0x52 in DBD (E-bit, L-bit, O-bit)
    LLS Options is 0x1 (LR)
    Dead timer due in 00:00:33
    Neighbor is up for 00:10:43
          
SpringCore2#how ip route ospf
             ^
% Invalid input detected at '^' marker.

SpringCore2#show ip protocols
*** IP Routing is NSF aware ***

Routing Protocol is "application"
  Sending updates every 0 seconds
  Invalid after 0 seconds, hold down 0, flushed after 0
  Outgoing update filter list for all interfaces is not set
  Incoming update filter list for all interfaces is not set
  Maximum path: 32
  Routing for Networks:
  Routing Information Sources:
    Gateway         Distance      Last Update
  Distance: (default is 4)

Routing Protocol is "ospf 15"
  Outgoing update filter list for all interfaces is not set
  Incoming update filter list for all interfaces is not set
  Router ID 10.150.127.22
  Number of areas in this router is 1. 1 normal 0 stub 0 nssa
  Maximum path: 4
  Routing for Networks:
    10.150.0.0 0.0.0.255 area 0
    10.150.127.0 0.0.0.255 area 0
  Routing on Interfaces Configured Explicitly (Area 0):
    GigabitEthernet1/3
    GigabitEthernet1/2
    GigabitEthernet1/1
  Routing Information Sources:
    Gateway         Distance      Last Update
    2.2.2.2              110      00:10:29
    1.1.1.1              110      00:09:31
  Distance: (default is 110)

SpringCore2#show ip route ospf
Codes: L - local, C - connected, S - static, R - RIP, M - mobile, B - BGP
       D - EIGRP, EX - EIGRP external, O - OSPF, IA - OSPF inter area 
       N1 - OSPF NSSA external type 1, N2 - OSPF NSSA external type 2
       E1 - OSPF external type 1, E2 - OSPF external type 2
       i - IS-IS, su - IS-IS summary, L1 - IS-IS level-1, L2 - IS-IS level-2
       ia - IS-IS inter area, * - candidate default, U - per-user static route
       o - ODR, P - periodic downloaded static route, H - NHRP, l - LISP
       a - application route
       + - replicated route, % - next hop override, p - overrides from PfR

Gateway of last resort is 10.150.127.2 to network 0.0.0.0

      10.0.0.0/8 is variably subnetted, 47 subnets, 3 masks
O        10.150.127.0/30 
           [110/2] via 10.150.127.17, 00:10:43, GigabitEthernet1/3
           [110/2] via 10.150.127.9, 00:10:53, GigabitEthernet1/2
O        10.150.127.4/30 
           [110/2] via 10.150.127.9, 00:10:53, GigabitEthernet1/2
O        10.150.127.12/30 
           [110/2] via 10.150.127.17, 00:10:43, GigabitEthernet1/3
O     192.168.255.0/24 [110/2] via 10.150.127.17, 00:10:43, GigabitEthernet1/3
SpringCore2# show ip ospf interface
Vlan990 is up, line protocol is up 
  Internet Address 10.150.0.43/24, Area 0, Attached via Network Statement
  Process ID 15, Router ID 10.150.127.22, Network Type POINT_TO_POINT, Cost: 1
  Topology-MTID    Cost    Disabled    Shutdown      Topology Name
        0           1         no          no            Base
  Transmit Delay is 1 sec, State POINT_TO_POINT
  Timer intervals configured, Hello 10, Dead 40, Wait 40, Retransmit 5
    oob-resync timeout 40
    Hello due in 00:00:09
  Supports Link-local Signaling (LLS)
  Cisco NSF helper support enabled
  IETF NSF helper support enabled
  Index 1/4/4, flood queue length 0
  Next 0x0(0)/0x0(0)/0x0(0)
  Last flood scan length is 0, maximum is 0
  Last flood scan time is 0 msec, maximum is 0 msec
  Neighbor Count is 0, Adjacent neighbor count is 0 
  Suppress hello for 0 neighbor(s)
GigabitEthernet1/3 is up, line protocol is up (connected) 
  Internet Address 10.150.127.18/30, Area 0, Attached via Interface Enable
  Process ID 15, Router ID 10.150.127.22, Network Type POINT_TO_POINT, Cost: 1
  Topology-MTID    Cost    Disabled    Shutdown      Topology Name
        0           1         no          no            Base
  Enabled by interface config, including secondary ip addresses
  Transmit Delay is 1 sec, State POINT_TO_POINT
  Timer intervals configured, Hello 10, Dead 40, Wait 40, Retransmit 5
    oob-resync timeout 40
    Hello due in 00:00:00
  Supports Link-local Signaling (LLS)
  Cisco NSF helper support enabled
  IETF NSF helper support enabled
  Index 1/3/3, flood queue length 0
  Next 0x0(0)/0x0(0)/0x0(0)
  Last flood scan length is 1, maximum is 1
  Last flood scan time is 0 msec, maximum is 0 msec
  Neighbor Count is 1, Adjacent neighbor count is 1 
    Adjacent with neighbor 2.2.2.2
  Suppress hello for 0 neighbor(s)
GigabitEthernet1/2 is up, line protocol is up (connected) 
  Internet Address 10.150.127.10/30, Area 0, Attached via Interface Enable
  Process ID 15, Router ID 10.150.127.22, Network Type POINT_TO_POINT, Cost: 1
  Topology-MTID    Cost    Disabled    Shutdown      Topology Name
        0           1         no          no            Base
  Enabled by interface config, including secondary ip addresses
  Transmit Delay is 1 sec, State POINT_TO_POINT
  Timer intervals configured, Hello 10, Dead 40, Wait 40, Retransmit 5
    oob-resync timeout 40
    Hello due in 00:00:04
  Supports Link-local Signaling (LLS)
  Cisco NSF helper support enabled
  IETF NSF helper support enabled
  Index 1/2/2, flood queue length 0
  Next 0x0(0)/0x0(0)/0x0(0)
  Last flood scan length is 1, maximum is 1
  Last flood scan time is 0 msec, maximum is 0 msec
  Neighbor Count is 1, Adjacent neighbor count is 1 
    Adjacent with neighbor 1.1.1.1
  Suppress hello for 0 neighbor(s)
GigabitEthernet1/1 is up, line protocol is up (connected) 
  Internet Address 10.150.127.22/30, Area 0, Attached via Interface Enable
  Process ID 15, Router ID 10.150.127.22, Network Type POINT_TO_POINT, Cost: 1
  Topology-MTID    Cost    Disabled    Shutdown      Topology Name
        0           1         no          no            Base
  Enabled by interface config, including secondary ip addresses
  Transmit Delay is 1 sec, State POINT_TO_POINT
  Timer intervals configured, Hello 10, Dead 40, Wait 40, Retransmit 5
    oob-resync timeout 40
    Hello due in 00:00:07
  Supports Link-local Signaling (LLS)
  Cisco NSF helper support enabled
  IETF NSF helper support enabled
  Index 1/1/1, flood queue length 0
  Next 0x0(0)/0x0(0)/0x0(0)
  Last flood scan length is 0, maximum is 0
  Last flood scan time is 0 msec, maximum is 0 msec
  Neighbor Count is 0, Adjacent neighbor count is 0 
  Suppress hello for 0 neighbor(s)
SpringCore2#

